[Licensing::Module] Trying to connect to existing licensing client channel...
Built from '6000.5/staging' branch; Version is '6000.5.8f1 (5cb7df797b7d) revision 6076383'; Using compiler version '194234433'; Build Type 'Release'
OS: 'Windows 11  (10.0.26200) CoreSingleLanguage' Language: 'en' Physical Memory: 7915 MB
BatchMode: 1, IsHumanControllingUs: 0, StartBugReporterOnCrash: 0, Is64bit: 1
System  architecture: x64
Process architecture: x64
Date: 2026-08-28T23:26:44Z
[Licensing::IpcConnector] Successfully connected to: "LicenseClient-lilig" at "2026-08-28T23:26:44.4004368Z"

COMMAND LINE ARGUMENTS:
L:\Leon\Unity\Hub\Editor\6000.5.8f1\Editor\Unity.exe
-adb2
-batchMode
-noUpm
-name
AssetImportWorkerHW1
-projectPath
L:/Leon/documents/GitHub/260825Project
-logFile
Logs/AssetImportWorkerHW1.log
-srvPort
63875
-parentPid
12320
-analyticsCloudUserId
4674119679712
-analyticsLocalProjectId
0ffae56cdd23bae49ba444ac2e87796d
-editorAnalyticsEnabled
1
-cbmEditorLicense
d8e92a74c6bb022247b3061b4be086ac8e96d268
-cbmMachineId
vOKXCo+GD/VwJqB9tuh0hJU9jvI=
-licensingIpc
LicenseClient-lilig
-noDiagnosticSwitchPersistentStore
-job-worker-count
3
-background-job-worker-count
8
-asset-garbage-collectors
1
-force-d3d12
-name
AssetImport
Successfully changed project path to: L:/Leon/documents/GitHub/260825Project
L:/Leon/documents/GitHub/260825Project
[UnityMemory] Configuration Parameters - Can be set up in boot.config
    "memorysetup-temp-allocator-size-gi-baking-worker=262144"
    "memorysetup-temp-allocator-size-gi-baking-worker=262144"
    "memorysetup-temp-allocator-size-gi-baking-worker=262144"
    "memorysetup-temp-allocator-size-gi-baking-worker=262144"
    "memorysetup-temp-allocator-size-gi-baking-worker=262144"
    "memorysetup-temp-allocator-size-nav-mesh-worker=65536"
    "memorysetup-temp-allocator-size-audio-worker=65536"
    "memorysetup-temp-allocator-size-cloud-worker=32768"
    "memorysetup-temp-allocator-size-gfx=262144"
    "memorysetup-temp-allocator-size-preload-manager=33554432"
    "memorysetup-allocator-temp-initial-block-size-main=262144"
    "memorysetup-allocator-temp-initial-block-size-worker=262144"
    "memorysetup-temp-allocator-size-job-worker=262144"
    "memorysetup-temp-allocator-size-background-worker=32768"
    "memorysetup-bucket-allocator-granularity=16"
    "memorysetup-bucket-allocator-bucket-count=8"
    "memorysetup-bucket-allocator-block-size=33554432"
    "memorysetup-bucket-allocator-block-count=8"
    "memorysetup-main-allocator-block-size=16777216"
    "memorysetup-thread-allocator-block-size=16777216"
    "memorysetup-main-allocator-mimalloc-enabled=0"
    "memorysetup-gfx-main-allocator-block-size=16777216"
    "memorysetup-gfx-thread-allocator-block-size=16777216"
    "memorysetup-cache-allocator-block-size=4194304"
    "memorysetup-typetree-allocator-block-size=2097152"
    "memorysetup-profiler-bucket-allocator-granularity=16"
    "memorysetup-profiler-bucket-allocator-bucket-count=8"
    "memorysetup-profiler-bucket-allocator-block-size=33554432"
    "memorysetup-profiler-bucket-allocator-block-count=8"
    "memorysetup-profiler-allocator-block-size=16777216"
    "memorysetup-profiler-editor-allocator-block-size=1048576"
    "memorysetup-temp-allocator-size-main=16777216"
    "memorysetup-job-temp-allocator-block-size=2097152"
    "memorysetup-job-temp-allocator-block-size-background=1048576"
    "memorysetup-job-temp-allocator-reduction-small-platforms=262144"
Player connection [12704]  Target information:

Player connection [12704]  * "[IP] 192.168.56.1 [Port] 0 [Flags] 2 [Guid] 1928144795 [EditorId] 1928144795 [Version] 1048832 [Id] WindowsEditor(7,Rogisvaldo) [Debug] 1 [PackageName] WindowsEditor [ProjectName] Editor" 

Player connection [12704]  * "[IP] 172.17.18.10 [Port] 0 [Flags] 2 [Guid] 1928144795 [EditorId] 1928144795 [Version] 1048832 [Id] WindowsEditor(7,Rogisvaldo) [Debug] 1 [PackageName] WindowsEditor [ProjectName] Editor" 

Player connection [12704] Host joined multi-casting on [225.0.0.222:54997]...
Player connection [12704] Host joined alternative multi-casting on [225.0.0.222:34997]...
JobSystem: Creating JobQueue using job-worker-count value 3
Input System module state changed to: Initialized.
[Physics::Module] Initialized fallback backend.
[Physics::Module] Id: 0xdecafbad
Library Redirect Path: Library/
[Physics::Module] Selected backend.
[Physics::Module] Name: PhysX
[Physics::Module] Id: 0xf2b8ea05
[Physics::Module] SDK Version: 4.1.2
[Physics::Module] Integration Version: 1.0.0
[Physics::Module] Threading Mode: Multi-Threaded
Refreshing native plugins compatible for Editor in 24.61 ms, found 4 plugins.
Initialize engine version: 6000.5.8f1 (5cb7df797b7d)
[Subsystems] Discovering subsystems at path L:/Leon/Unity/Hub/Editor/6000.5.8f1/Editor/Data/Resources/UnitySubsystems
[Subsystems] Discovering subsystems at path L:/Leon/documents/GitHub/260825Project/Assets
Forcing GfxDevice: Direct3D 12
GfxDevice: creating device client; kGfxThreadingModeNonThreaded
d3d12: failed to query info queue interface (0x80004002).
Direct3D:
    Version:         Direct3D 12 [level 12.1]
    Renderer:        Intel(R) Iris(R) Xe Graphics (ID=0x9a49)
    Vendor:          Intel
    VRAM:            3957 MB
    App VRAM Budget: 3561 MB
    Driver:          30.0.100.9805
    Unified Memory Architecture
    Cache Coherent UMA
Initialize mono
Mono path[0] = 'L:/Leon/Unity/Hub/Editor/6000.5.8f1/Editor/Data/Managed'
Mono path[1] = 'L:/Leon/Unity/Hub/Editor/6000.5.8f1/Editor/Data/BCLExtensions/runtime/netstandard2.1'
Mono path[2] = 'L:/Leon/Unity/Hub/Editor/6000.5.8f1/Editor/Data/MonoBleedingEdge/lib/mono/unityjit-win32'
Mono config path = 'L:/Leon/Unity/Hub/Editor/6000.5.8f1/Editor/Data/MonoBleedingEdge/etc'
Using monoOptions --debugger-agent=transport=dt_socket,embedding=1,server=y,suspend=n,address=127.0.0.1:56516
CodeReloadManager initialized
Begin MonoManager ReloadAssembly
[Licensing::Client] Error: HandshakeResponse reported an error:
	ResponseCode: 505
	ResponseStatus: Unsupported protocol version '1.18.1'.
[Licensing::Module] Error: Failed to handshake to channel: "LicenseClient-lilig"
[Licensing::IpcConnector] LicenseClient-lilig channel disconnected successfully.
[Licensing::IpcConnector] Successfully connected to: "LicenseClient-lilig-6000.5.8" at "2026-08-28T23:26:46.1308898Z"
Registering precompiled unity dll's ...
Register platform support module: L:/Leon/Unity/Hub/Editor/6000.5.8f1/Editor/Data/PlaybackEngines/WindowsStandaloneSupport/UnityEditor.WindowsStandalone.Extensions.dll
[Licensing::Client] Code 10 while verifying Licensing Client signature (process Id: 20140, path: "L:/Leon/Unity/Hub/Editor/6000.5.8f1/Editor/Data/Resources/Licensing/Client/Unity.Licensing.Client.exe")
[Licensing::Module] LicensingClient has failed validation; ignoring
Registered in 0.004513 seconds.
[Licensing::Client] Handshaking with LicensingClient:
  Version:                 1.18.1+9fbee8e
  Session Id:              34815b281bb94490a906abb7e19fdf07
  Correlation Id:          c48d07422356fe26782b5c39e8c38e95
  External correlation Id: 2326042114052550205
  Machine Id:              vOKXCo+GD/VwJqB9tuh0hJU9jvI=
[Licensing::Module] Successfully connected to LicensingClient on channel: "LicenseClient-lilig-6000.5.8" (connect: 0.00s, validation: 0.00s, handshake: 0.01s)
[Licensing::IpcConnector] Successfully connected to: "LicenseClient-lilig-6000.5.8-notifications" at "2026-08-28T23:26:46.1472117Z"
[Licensing::Module] Licensing Background thread has ended after 1.75s
Native extension for WindowsStandalone target not found
Package Manager log level set to [2]
[Package Manager] Failed to launch server process. Reason: Unity was launched with the -noUpm command-line argument
[Package Manager] Unable to send message (not connected to server process).
[Package Manager] Cannot connect to Unity Package Manager local server
ScheduleIndexationOnStartup MainProcess:False IndexOnStartup:True
Mono: successfully reloaded assembly
- Finished resetting the current domain, in  1.502 seconds
Domain Reload Profiling: 2295ms
	BeginReloadAssembly (203ms)
	RebuildCommonClasses (10ms)
	RebuildNativeTypeToScriptingClass (29ms)
	initialDomainReloadingComplete (104ms)
	LoadAllAssembliesAndSetupDomain (446ms)
		LoadAssemblies (202ms)
		AnalyzeDomain (339ms)
			TypeCache.Refresh (337ms)
				TypeCache.ScanAssembly (315ms)
	FinalizeReload (1503ms)
		SetupLoadedEditorAssemblies (0ms)
			InitializePlatformSupportModulesInManaged (3ms)
			BeforeProcessingInitializeOnLoad (127ms)
			ProcessInitializeOnLoadAttributes (128ms)
			ProcessInitializeOnLoadMethodAttributes (1138ms)
Initializing Unity extensions:
[Licensing::Client] Successfully resolved entitlement details
[Licensing::Module] License group:
  Id: 4674119679712-UnityPersXXXX
  Product: Unity Personal
  Type: Assigned
  Expiration: Unlimited
========================================================================
Worker process is ready to serve import requests
Import Worker Mode flag is 0x00
Begin MonoManager ReloadAssembly
Refreshing native plugins compatible for Editor in 4.80 ms, found 4 plugins.
Native extension for WindowsStandalone target not found
[Package Manager] Failed to launch server process. Reason: Unity was launched with the -noUpm command-line argument
[Package Manager] Unable to send message (not connected to server process).
[Package Manager] Cannot connect to Unity Package Manager local server
[Package Manager] Failed to launch server process. Reason: Unity was launched with the -noUpm command-line argument
[Package Manager] Unable to send message (not connected to server process).
[Package Manager] Cannot connect to Unity Package Manager local server
ScheduleIndexationOnStartup MainProcess:False IndexOnStartup:True
Mono: successfully reloaded assembly
- Finished resetting the current domain, in  1.033 seconds
Domain Reload Profiling: 2058ms
	BeginReloadAssembly (221ms)
		DisableScriptedObjects (13ms)
		CreateAndSetChildDomain (36ms)
	RebuildCommonClasses (9ms)
	RebuildNativeTypeToScriptingClass (19ms)
	initialDomainReloadingComplete (57ms)
	LoadAllAssembliesAndSetupDomain (718ms)
		LoadAssemblies (453ms)
		AnalyzeDomain (266ms)
			TypeCache.Refresh (191ms)
				TypeCache.ScanAssembly (175ms)
			BuildScriptInfoCaches (68ms)
			ResolveRequiredComponents (5ms)
	FinalizeReload (1034ms)
		SetupLoadedEditorAssemblies (0ms)
			BeforeProcessingInitializeOnLoad (93ms)
			ProcessInitializeOnLoadAttributes (473ms)
			ProcessInitializeOnLoadMethodAttributes (132ms)
		AwakeInstancesAfterBackupRestoration (8ms)
AcceleratorClientConnectionCallback - disconnected - :0
Launched and connected shader compiler UnityShaderCompiler.exe after 0.03 seconds
Unloading 22 Unused Serialized files (Serialized files now loaded: 0)
Curl error 3: URL rejected: Malformed input to a URL function
Unloading 6626 unused Assets / (5.7 MB). Loaded Objects now: 7585.
Memory consumption went from 328.1 MB to 322.4 MB.
Total: 12.733000 ms (FindLiveObjects: 0.824500 ms CreateObjectMapping: 2.958400 ms MarkObjects: 5.185600 ms  DeleteObjects: 3.761700 ms)

========================================================================
Received Prepare
AcceleratorClientConnectionCallback - disconnected - :0
[Licensing::Client] Successfully resolved entitlement details
Begin MonoManager ReloadAssembly
Refreshing native plugins compatible for Editor in 22.85 ms, found 4 plugins.
Native extension for WindowsStandalone target not found
[Package Manager] Failed to launch server process. Reason: Unity was launched with the -noUpm command-line argument
[Package Manager] Unable to send message (not connected to server process).
[Package Manager] Cannot connect to Unity Package Manager local server
[Package Manager] Failed to launch server process. Reason: Unity was launched with the -noUpm command-line argument
[Package Manager] Unable to send message (not connected to server process).
[Package Manager] Cannot connect to Unity Package Manager local server
ScheduleIndexationOnStartup MainProcess:False IndexOnStartup:True
Mono: successfully reloaded assembly
- Finished resetting the current domain, in  2.489 seconds
Domain Reload Profiling: 10706ms
	BeginReloadAssembly (4043ms)
		ExecutionOrderSort (17ms)
		DisableScriptedObjects (1108ms)
		ReleaseScriptingObjects (24ms)
		CreateAndSetChildDomain (556ms)
	RebuildCommonClasses (32ms)
	RebuildNativeTypeToScriptingClass (37ms)
	initialDomainReloadingComplete (533ms)
	LoadAllAssembliesAndSetupDomain (3570ms)
		LoadAssemblies (3303ms)
		AnalyzeDomain (719ms)
			TypeCache.Refresh (111ms)
			BuildScriptInfoCaches (560ms)
			ResolveRequiredComponents (21ms)
	FinalizeReload (2492ms)
		SetupLoadedEditorAssemblies (0ms)
			InitializePlatformSupportModulesInManaged (4ms)
			BeforeProcessingInitializeOnLoad (205ms)
			ProcessInitializeOnLoadAttributes (840ms)
			ProcessInitializeOnLoadMethodAttributes (261ms)
			AfterProcessingInitializeOnLoad (7ms)
		AwakeInstancesAfterBackupRestoration (68ms)
Unloading 22 Unused Serialized files (Serialized files now loaded: 0)
Unloading 6622 unused Assets / (4.6 MB). Loaded Objects now: 7630.
Memory consumption went from 335.8 MB to 331.2 MB.
Total: 38.183200 ms (FindLiveObjects: 0.962800 ms CreateObjectMapping: 3.574100 ms MarkObjects: 24.879300 ms  DeleteObjects: 8.467300 ms)

Prepare: number of updated asset objects reloaded= 0
========================================================================
Received Prepare
AcceleratorClientConnectionCallback - disconnected - :0
Begin MonoManager ReloadAssembly
[Licensing::Client] Successfully resolved entitlement details
Native extension for WindowsStandalone target not found
[Package Manager] Failed to launch server process. Reason: Unity was launched with the -noUpm command-line argument
[Package Manager] Unable to send message (not connected to server process).
[Package Manager] Cannot connect to Unity Package Manager local server
[Package Manager] Failed to launch server process. Reason: Unity was launched with the -noUpm command-line argument
[Package Manager] Unable to send message (not connected to server process).
[Package Manager] Cannot connect to Unity Package Manager local server
ScheduleIndexationOnStartup MainProcess:False IndexOnStartup:True
Mono: successfully reloaded assembly
- Finished resetting the current domain, in  1.200 seconds
Domain Reload Profiling: 2229ms
	BeginReloadAssembly (364ms)
		DisableScriptedObjects (16ms)
		CreateAndSetChildDomain (100ms)
	RebuildCommonClasses (16ms)
	RebuildNativeTypeToScriptingClass (21ms)
	initialDomainReloadingComplete (94ms)
	LoadAllAssembliesAndSetupDomain (533ms)
		LoadAssemblies (514ms)
		AnalyzeDomain (20ms)
			TypeCache.Refresh (9ms)
			ResolveRequiredComponents (6ms)
	FinalizeReload (1201ms)
		SetupLoadedEditorAssemblies (0ms)
			BeforeProcessingInitializeOnLoad (135ms)
			ProcessInitializeOnLoadAttributes (539ms)
			ProcessInitializeOnLoadMethodAttributes (170ms)
			AfterProcessingInitializeOnLoad (5ms)
		AwakeInstancesAfterBackupRestoration (42ms)
Unloading 22 Unused Serialized files (Serialized files now loaded: 0)
Unloading 6622 unused Assets / (5.2 MB). Loaded Objects now: 7633.
Memory consumption went from 336.0 MB to 330.8 MB.
Total: 16.836900 ms (FindLiveObjects: 1.170400 ms CreateObjectMapping: 2.960600 ms MarkObjects: 8.012400 ms  DeleteObjects: 4.691000 ms)

Prepare: number of updated asset objects reloaded= 0
========================================================================
Received Prepare
AcceleratorClientConnectionCallback - disconnected - :0
[Licensing::Client] Successfully resolved entitlement details
Begin MonoManager ReloadAssembly
Refreshing native plugins compatible for Editor in 8.08 ms, found 4 plugins.
Native extension for WindowsStandalone target not found
[Package Manager] Failed to launch server process. Reason: Unity was launched with the -noUpm command-line argument
[Package Manager] Unable to send message (not connected to server process).
[Package Manager] Cannot connect to Unity Package Manager local server
Editor requested this worker to shutdown with reason: Editor is closing down
[Package Manager] Failed to launch server process. Reason: Unity was launched with the -noUpm command-line argument
[Package Manager] Unable to send message (not connected to server process).
[Package Manager] Cannot connect to Unity Package Manager local server
ScheduleIndexationOnStartup MainProcess:False IndexOnStartup:True
Mono: successfully reloaded assembly
- Finished resetting the current domain, in  1.910 seconds
Domain Reload Profiling: 7467ms
	BeginReloadAssembly (2407ms)
		DisableScriptedObjects (477ms)
		ReleaseScriptingObjects (7ms)
		CreateAndSetChildDomain (677ms)
	RebuildCommonClasses (18ms)
	RebuildNativeTypeToScriptingClass (30ms)
	initialDomainReloadingComplete (222ms)
	LoadAllAssembliesAndSetupDomain (2878ms)
		LoadAssemblies (1972ms)
		AnalyzeDomain (992ms)
			TypeCache.Refresh (219ms)
				TypeCache.ScanAssembly (4ms)
			BuildScriptInfoCaches (720ms)
			ResolveRequiredComponents (21ms)
	FinalizeReload (1912ms)
		SetupLoadedEditorAssemblies (0ms)
			InitializePlatformSupportModulesInManaged (7ms)
			BeforeProcessingInitializeOnLoad (240ms)
			ProcessInitializeOnLoadAttributes (866ms)
			ProcessInitializeOnLoadMethodAttributes (213ms)
			AfterProcessingInitializeOnLoad (4ms)
		AwakeInstancesAfterBackupRestoration (38ms)
Unloading 22 Unused Serialized files (Serialized files now loaded: 0)
Unloading 6622 unused Assets / (4.4 MB). Loaded Objects now: 7636.
Memory consumption went from 338.3 MB to 333.9 MB.
Total: 23.393800 ms (FindLiveObjects: 2.603100 ms CreateObjectMapping: 3.075700 ms MarkObjects: 12.936400 ms  DeleteObjects: 4.542500 ms)

Prepare: number of updated asset objects reloaded= 1
AcceleratorClientConnectionCallback - disconnected - :0
AssetImportWorker is now disconnected from the server
Process exiting
Exiting without the bug reporter. Application will terminate with return code 0