[Licensing::Module] Trying to connect to existing licensing client channel...
Built from '6000.5/staging' branch; Version is '6000.5.8f1 (5cb7df797b7d) revision 6076383'; Using compiler version '194234433'; Build Type 'Release'
OS: 'Windows 11  (10.0.26200) CoreSingleLanguage' Language: 'en' Physical Memory: 7915 MB
BatchMode: 1, IsHumanControllingUs: 0, StartBugReporterOnCrash: 0, Is64bit: 1
System  architecture: x64
Process architecture: x64
Date: 2026-08-25T23:46:57Z
[Licensing::IpcConnector] Successfully connected to: "LicenseClient-lilig" at "2026-08-25T23:46:57.8081212Z"

COMMAND LINE ARGUMENTS:
L:\Leon\Unity\Hub\Editor\6000.5.8f1\Editor\Unity.exe
-adb2
-batchMode
-noUpm
-name
AssetImportWorkerHW1
-projectPath
L:/Leon/documents/GitHub/260825Project
-logFile
Logs/AssetImportWorkerHW1.log
-srvPort
57681
-parentPid
12540
-analyticsCloudUserId
anonymous
-analyticsLocalProjectId
0ffae56cdd23bae49ba444ac2e87796d
-editorAnalyticsEnabled
1
-cbmEditorLicense
d8e92a74c6bb022247b3061b4be086ac8e96d268
-cbmMachineId
vOKXCo+GD/VwJqB9tuh0hJU9jvI=
-licensingIpc
LicenseClient-lilig
-noDiagnosticSwitchPersistentStore
-job-worker-count
3
-background-job-worker-count
8
-asset-garbage-collectors
1
-force-d3d12
-name
AssetImport
Successfully changed project path to: L:/Leon/documents/GitHub/260825Project
L:/Leon/documents/GitHub/260825Project
[UnityMemory] Configuration Parameters - Can be set up in boot.config
    "memorysetup-temp-allocator-size-gi-baking-worker=262144"
    "memorysetup-temp-allocator-size-gi-baking-worker=262144"
    "memorysetup-temp-allocator-size-gi-baking-worker=262144"
    "memorysetup-temp-allocator-size-gi-baking-worker=262144"
    "memorysetup-temp-allocator-size-gi-baking-worker=262144"
    "memorysetup-temp-allocator-size-nav-mesh-worker=65536"
    "memorysetup-temp-allocator-size-audio-worker=65536"
    "memorysetup-temp-allocator-size-cloud-worker=32768"
    "memorysetup-temp-allocator-size-gfx=262144"
    "memorysetup-temp-allocator-size-preload-manager=33554432"
    "memorysetup-allocator-temp-initial-block-size-main=262144"
    "memorysetup-allocator-temp-initial-block-size-worker=262144"
    "memorysetup-temp-allocator-size-job-worker=262144"
    "memorysetup-temp-allocator-size-background-worker=32768"
    "memorysetup-bucket-allocator-granularity=16"
    "memorysetup-bucket-allocator-bucket-count=8"
    "memorysetup-bucket-allocator-block-size=33554432"
    "memorysetup-bucket-allocator-block-count=8"
    "memorysetup-main-allocator-block-size=16777216"
    "memorysetup-thread-allocator-block-size=16777216"
    "memorysetup-main-allocator-mimalloc-enabled=0"
    "memorysetup-gfx-main-allocator-block-size=16777216"
    "memorysetup-gfx-thread-allocator-block-size=16777216"
    "memorysetup-cache-allocator-block-size=4194304"
    "memorysetup-typetree-allocator-block-size=2097152"
    "memorysetup-profiler-bucket-allocator-granularity=16"
    "memorysetup-profiler-bucket-allocator-bucket-count=8"
    "memorysetup-profiler-bucket-allocator-block-size=33554432"
    "memorysetup-profiler-bucket-allocator-block-count=8"
    "memorysetup-profiler-allocator-block-size=16777216"
    "memorysetup-profiler-editor-allocator-block-size=1048576"
    "memorysetup-temp-allocator-size-main=16777216"
    "memorysetup-job-temp-allocator-block-size=2097152"
    "memorysetup-job-temp-allocator-block-size-background=1048576"
    "memorysetup-job-temp-allocator-reduction-small-platforms=262144"
Player connection [18312]  Target information:

Player connection [18312]  * "[IP] 192.168.56.1 [Port] 0 [Flags] 2 [Guid] 2123833448 [EditorId] 2123833448 [Version] 1048832 [Id] WindowsEditor(7,Rogisvaldo) [Debug] 1 [PackageName] WindowsEditor [ProjectName] Editor" 

Player connection [18312]  * "[IP] 172.17.16.127 [Port] 0 [Flags] 2 [Guid] 2123833448 [EditorId] 2123833448 [Version] 1048832 [Id] WindowsEditor(7,Rogisvaldo) [Debug] 1 [PackageName] WindowsEditor [ProjectName] Editor" 

Player connection [18312] Host joined multi-casting on [225.0.0.222:54997]...
Player connection [18312] Host joined alternative multi-casting on [225.0.0.222:34997]...
JobSystem: Creating JobQueue using job-worker-count value 3
Input System module state changed to: Initialized.
[Physics::Module] Initialized fallback backend.
[Physics::Module] Id: 0xdecafbad
Library Redirect Path: Library/
[Physics::Module] Selected backend.
[Physics::Module] Name: PhysX
[Physics::Module] Id: 0xf2b8ea05
[Physics::Module] SDK Version: 4.1.2
[Physics::Module] Integration Version: 1.0.0
[Physics::Module] Threading Mode: Multi-Threaded
Refreshing native plugins compatible for Editor in 31.21 ms, found 4 plugins.
Initialize engine version: 6000.5.8f1 (5cb7df797b7d)
[Subsystems] Discovering subsystems at path L:/Leon/Unity/Hub/Editor/6000.5.8f1/Editor/Data/Resources/UnitySubsystems
[Subsystems] Discovering subsystems at path L:/Leon/documents/GitHub/260825Project/Assets
Forcing GfxDevice: Direct3D 12
GfxDevice: creating device client; kGfxThreadingModeNonThreaded
d3d12: failed to query info queue interface (0x80004002).
Direct3D:
    Version:         Direct3D 12 [level 12.1]
    Renderer:        Intel(R) Iris(R) Xe Graphics (ID=0x9a49)
    Vendor:          Intel
    VRAM:            3957 MB
    App VRAM Budget: 3561 MB
    Driver:          30.0.100.9805
    Unified Memory Architecture
    Cache Coherent UMA
[Licensing::Client] Error: HandshakeResponse reported an error:
	ResponseCode: 505
	ResponseStatus: Unsupported protocol version '1.18.1'.
[Licensing::Module] Error: Failed to handshake to channel: "LicenseClient-lilig"
[Licensing::IpcConnector] LicenseClient-lilig channel disconnected successfully.
[Licensing::IpcConnector] Successfully connected to: "LicenseClient-lilig-6000.5.8" at "2026-08-25T23:47:01.6324471Z"
[Licensing::Client] Code 10 while verifying Licensing Client signature (process Id: 1880, path: "L:/Leon/Unity/Hub/Editor/6000.5.8f1/Editor/Data/Resources/Licensing/Client/Unity.Licensing.Client.exe")
[Licensing::Module] LicensingClient has failed validation; ignoring
[Licensing::Client] Handshaking with LicensingClient:
  Version:                 1.18.1+9fbee8e
  Session Id:              fb654a1928004f3aaf44298ec0fcc8fd
  Correlation Id:          02ae5b3f7f1506dea0503b438f81bb84
  External correlation Id: 4595577883070177995
  Machine Id:              vOKXCo+GD/VwJqB9tuh0hJU9jvI=
[Licensing::Module] Successfully connected to LicensingClient on channel: "LicenseClient-lilig-6000.5.8" (connect: 0.00s, validation: 0.00s, handshake: 0.04s)
[Licensing::IpcConnector] Successfully connected to: "LicenseClient-lilig-6000.5.8-notifications" at "2026-08-25T23:47:01.6800537Z"
[Licensing::Module] Licensing Background thread has ended after 3.87s
Initialize mono
Mono path[0] = 'L:/Leon/Unity/Hub/Editor/6000.5.8f1/Editor/Data/Managed'
Mono path[1] = 'L:/Leon/Unity/Hub/Editor/6000.5.8f1/Editor/Data/BCLExtensions/runtime/netstandard2.1'
Mono path[2] = 'L:/Leon/Unity/Hub/Editor/6000.5.8f1/Editor/Data/MonoBleedingEdge/lib/mono/unityjit-win32'
Mono config path = 'L:/Leon/Unity/Hub/Editor/6000.5.8f1/Editor/Data/MonoBleedingEdge/etc'
Using monoOptions --debugger-agent=transport=dt_socket,embedding=1,server=y,suspend=n,address=127.0.0.1:56156
CodeReloadManager initialized
Begin MonoManager ReloadAssembly
Registering precompiled unity dll's ...
Register platform support module: L:/Leon/Unity/Hub/Editor/6000.5.8f1/Editor/Data/PlaybackEngines/WindowsStandaloneSupport/UnityEditor.WindowsStandalone.Extensions.dll
Registered in 0.007572 seconds.
Native extension for WindowsStandalone target not found
Package Manager log level set to [2]
[Package Manager] Failed to launch server process. Reason: Unity was launched with the -noUpm command-line argument
[Package Manager] Unable to send message (not connected to server process).
[Package Manager] Cannot connect to Unity Package Manager local server
ScheduleIndexationOnStartup MainProcess:False IndexOnStartup:True
Mono: successfully reloaded assembly
- Finished resetting the current domain, in  3.003 seconds
Domain Reload Profiling: 5180ms
	BeginReloadAssembly (589ms)
		CreateAndSetChildDomain (178ms)
	RebuildCommonClasses (120ms)
	RebuildNativeTypeToScriptingClass (47ms)
	initialDomainReloadingComplete (368ms)
	LoadAllAssembliesAndSetupDomain (1047ms)
		LoadAssemblies (438ms)
		AnalyzeDomain (784ms)
			TypeCache.Refresh (781ms)
				TypeCache.ScanAssembly (743ms)
	FinalizeReload (3008ms)
		SetupLoadedEditorAssemblies (0ms)
			InitializePlatformSupportModulesInManaged (11ms)
			BeforeProcessingInitializeOnLoad (242ms)
			ProcessInitializeOnLoadAttributes (354ms)
			ProcessInitializeOnLoadMethodAttributes (2148ms)
Initializing Unity extensions:
[Licensing::Client] Successfully resolved entitlement details
[Licensing::Module] License group:
  Id: 4674119679712-UnityPersXXXX
  Product: Unity Personal
  Type: Assigned
  Expiration: Unlimited
========================================================================
Worker process is ready to serve import requests
Import Worker Mode flag is 0x00
Begin MonoManager ReloadAssembly
Refreshing native plugins compatible for Editor in 15.94 ms, found 4 plugins.
Native extension for WindowsStandalone target not found
[Package Manager] Failed to launch server process. Reason: Unity was launched with the -noUpm command-line argument
[Package Manager] Unable to send message (not connected to server process).
[Package Manager] Cannot connect to Unity Package Manager local server
[Package Manager] Failed to launch server process. Reason: Unity was launched with the -noUpm command-line argument
[Package Manager] Unable to send message (not connected to server process).
[Package Manager] Cannot connect to Unity Package Manager local server
ScheduleIndexationOnStartup MainProcess:False IndexOnStartup:True
Mono: successfully reloaded assembly
- Finished resetting the current domain, in  2.644 seconds
Domain Reload Profiling: 4864ms
	BeginReloadAssembly (463ms)
		DisableScriptedObjects (38ms)
		CreateAndSetChildDomain (98ms)
	RebuildCommonClasses (10ms)
	RebuildNativeTypeToScriptingClass (25ms)
	initialDomainReloadingComplete (193ms)
	LoadAllAssembliesAndSetupDomain (1527ms)
		LoadAssemblies (1350ms)
		AnalyzeDomain (259ms)
			TypeCache.Refresh (185ms)
				TypeCache.ScanAssembly (170ms)
			BuildScriptInfoCaches (67ms)
			ResolveRequiredComponents (5ms)
	FinalizeReload (2646ms)
		SetupLoadedEditorAssemblies (0ms)
			BeforeProcessingInitializeOnLoad (93ms)
			ProcessInitializeOnLoadAttributes (1013ms)
			ProcessInitializeOnLoadMethodAttributes (197ms)
			AfterProcessingInitializeOnLoad (4ms)
		AwakeInstancesAfterBackupRestoration (35ms)
AcceleratorClientConnectionCallback - disconnected - :0
Launched and connected shader compiler UnityShaderCompiler.exe after 0.04 seconds
Unloading 22 Unused Serialized files (Serialized files now loaded: 0)
Curl error 3: URL rejected: Malformed input to a URL function
Unloading 6626 unused Assets / (6.1 MB). Loaded Objects now: 7585.
Memory consumption went from 326.0 MB to 319.9 MB.
Total: 18.423400 ms (FindLiveObjects: 1.395300 ms CreateObjectMapping: 4.826700 ms MarkObjects: 7.059400 ms  DeleteObjects: 5.138000 ms)

========================================================================
Received Prepare
AcceleratorClientConnectionCallback - disconnected - :0
[Licensing::Client] Successfully resolved entitlement details
Begin MonoManager ReloadAssembly
Refreshing native plugins compatible for Editor in 5.70 ms, found 4 plugins.
Native extension for WindowsStandalone target not found
[Package Manager] Failed to launch server process. Reason: Unity was launched with the -noUpm command-line argument
[Package Manager] Unable to send message (not connected to server process).
[Package Manager] Cannot connect to Unity Package Manager local server
[Package Manager] Failed to launch server process. Reason: Unity was launched with the -noUpm command-line argument
[Package Manager] Unable to send message (not connected to server process).
[Package Manager] Cannot connect to Unity Package Manager local server
ScheduleIndexationOnStartup MainProcess:False IndexOnStartup:True
Mono: successfully reloaded assembly
- Finished resetting the current domain, in  1.530 seconds
Domain Reload Profiling: 10191ms
	BeginReloadAssembly (5410ms)
		ExecutionOrderSort (8ms)
		DisableScriptedObjects (1967ms)
		ReleaseScriptingObjects (9ms)
		CreateAndSetChildDomain (977ms)
	RebuildCommonClasses (11ms)
	RebuildNativeTypeToScriptingClass (27ms)
	initialDomainReloadingComplete (346ms)
	LoadAllAssembliesAndSetupDomain (2866ms)
		LoadAssemblies (2624ms)
		AnalyzeDomain (695ms)
			TypeCache.Refresh (108ms)
			BuildScriptInfoCaches (518ms)
			ResolveRequiredComponents (22ms)
	FinalizeReload (1532ms)
		SetupLoadedEditorAssemblies (0ms)
			InitializePlatformSupportModulesInManaged (3ms)
			BeforeProcessingInitializeOnLoad (120ms)
			ProcessInitializeOnLoadAttributes (551ms)
			ProcessInitializeOnLoadMethodAttributes (233ms)
			AfterProcessingInitializeOnLoad (3ms)
		AwakeInstancesAfterBackupRestoration (51ms)
Refreshing native plugins compatible for Editor in 3.43 ms, found 4 plugins.
Unloading 22 Unused Serialized files (Serialized files now loaded: 0)
Unloading 6622 unused Assets / (4.3 MB). Loaded Objects now: 7630.
Memory consumption went from 333.8 MB to 329.5 MB.
Total: 30.899400 ms (FindLiveObjects: 1.803500 ms CreateObjectMapping: 3.007800 ms MarkObjects: 21.967600 ms  DeleteObjects: 3.388500 ms)

Prepare: number of updated asset objects reloaded= 0
========================================================================
Received Prepare
AcceleratorClientConnectionCallback - disconnected - :0
Unloading 22 Unused Serialized files (Serialized files now loaded: 0)
Unloading 22 unused Assets / (2.6 MB). Loaded Objects now: 7630.
Memory consumption went from 331.0 MB to 328.4 MB.
Total: 12.153200 ms (FindLiveObjects: 0.579000 ms CreateObjectMapping: 1.252700 ms MarkObjects: 9.574400 ms  DeleteObjects: 0.744000 ms)

Prepare: number of updated asset objects reloaded= 0
========================================================================
Received Prepare
AcceleratorClientConnectionCallback - disconnected - :0
[Licensing::Client] Successfully resolved entitlement details
Begin MonoManager ReloadAssembly
Refreshing native plugins compatible for Editor in 6.27 ms, found 4 plugins.
Native extension for WindowsStandalone target not found
[Package Manager] Failed to launch server process. Reason: Unity was launched with the -noUpm command-line argument
[Package Manager] Unable to send message (not connected to server process).
[Package Manager] Cannot connect to Unity Package Manager local server
[Package Manager] Failed to launch server process. Reason: Unity was launched with the -noUpm command-line argument
[Package Manager] Unable to send message (not connected to server process).
[Package Manager] Cannot connect to Unity Package Manager local server
ScheduleIndexationOnStartup MainProcess:False IndexOnStartup:True
Mono: successfully reloaded assembly
- Finished resetting the current domain, in  1.495 seconds
Domain Reload Profiling: 10417ms
	BeginReloadAssembly (4898ms)
		ExecutionOrderSort (18ms)
		DisableScriptedObjects (589ms)
		ReleaseScriptingObjects (8ms)
		CreateAndSetChildDomain (1993ms)
	RebuildCommonClasses (13ms)
	RebuildNativeTypeToScriptingClass (22ms)
	initialDomainReloadingComplete (274ms)
	LoadAllAssembliesAndSetupDomain (3713ms)
		LoadAssemblies (2429ms)
		AnalyzeDomain (1701ms)
			TypeCache.Refresh (432ms)
				TypeCache.ScanAssembly (5ms)
			BuildScriptInfoCaches (1194ms)
			ResolveRequiredComponents (19ms)
	FinalizeReload (1497ms)
		SetupLoadedEditorAssemblies (0ms)
			InitializePlatformSupportModulesInManaged (3ms)
			BeforeProcessingInitializeOnLoad (149ms)
			ProcessInitializeOnLoadAttributes (756ms)
			ProcessInitializeOnLoadMethodAttributes (199ms)
			AfterProcessingInitializeOnLoad (3ms)
			EditorAssembliesLoaded (3ms)
		AwakeInstancesAfterBackupRestoration (41ms)
Refreshing native plugins compatible for Editor in 3.28 ms, found 4 plugins.
Unloading 22 Unused Serialized files (Serialized files now loaded: 0)
Unloading 6622 unused Assets / (4.4 MB). Loaded Objects now: 7633.
Memory consumption went from 336.1 MB to 331.7 MB.
Total: 31.027800 ms (FindLiveObjects: 1.887300 ms CreateObjectMapping: 2.903500 ms MarkObjects: 19.966600 ms  DeleteObjects: 6.267500 ms)

Prepare: number of updated asset objects reloaded= 0
========================================================================
Received Prepare
AcceleratorClientConnectionCallback - disconnected - :0
Begin MonoManager ReloadAssembly
Native extension for WindowsStandalone target not found
[Package Manager] Failed to launch server process. Reason: Unity was launched with the -noUpm command-line argument
[Package Manager] Unable to send message (not connected to server process).
[Package Manager] Cannot connect to Unity Package Manager local server
[Package Manager] Failed to launch server process. Reason: Unity was launched with the -noUpm command-line argument
[Package Manager] Unable to send message (not connected to server process).
[Package Manager] Cannot connect to Unity Package Manager local server
ScheduleIndexationOnStartup MainProcess:False IndexOnStartup:True
Mono: successfully reloaded assembly
- Finished resetting the current domain, in  1.242 seconds
Domain Reload Profiling: 2308ms
	BeginReloadAssembly (318ms)
		DisableScriptedObjects (17ms)
		CreateAndSetChildDomain (64ms)
	RebuildCommonClasses (18ms)
	RebuildNativeTypeToScriptingClass (30ms)
	initialDomainReloadingComplete (90ms)
	LoadAllAssembliesAndSetupDomain (610ms)
		LoadAssemblies (583ms)
		AnalyzeDomain (22ms)
			TypeCache.Refresh (11ms)
			ResolveRequiredComponents (6ms)
	FinalizeReload (1243ms)
		SetupLoadedEditorAssemblies (0ms)
			BeforeProcessingInitializeOnLoad (136ms)
			ProcessInitializeOnLoadAttributes (548ms)
			ProcessInitializeOnLoadMethodAttributes (177ms)
			AfterProcessingInitializeOnLoad (4ms)
		AwakeInstancesAfterBackupRestoration (44ms)
Refreshing native plugins compatible for Editor in 2.59 ms, found 4 plugins.
Unloading 22 Unused Serialized files (Serialized files now loaded: 0)
Unloading 6622 unused Assets / (5.2 MB). Loaded Objects now: 7636.
Memory consumption went from 338.0 MB to 332.8 MB.
Total: 15.566600 ms (FindLiveObjects: 2.336000 ms CreateObjectMapping: 4.036400 ms MarkObjects: 5.945600 ms  DeleteObjects: 3.246200 ms)

Prepare: number of updated asset objects reloaded= 0
========================================================================
Received Prepare
AcceleratorClientConnectionCallback - disconnected - :0
Begin MonoManager ReloadAssembly
Native extension for WindowsStandalone target not found
[Package Manager] Failed to launch server process. Reason: Unity was launched with the -noUpm command-line argument
[Package Manager] Unable to send message (not connected to server process).
[Package Manager] Cannot connect to Unity Package Manager local server
[Package Manager] Failed to launch server process. Reason: Unity was launched with the -noUpm command-line argument
[Package Manager] Unable to send message (not connected to server process).
[Package Manager] Cannot connect to Unity Package Manager local server
ScheduleIndexationOnStartup MainProcess:False IndexOnStartup:True
Mono: successfully reloaded assembly
- Finished resetting the current domain, in  1.267 seconds
Domain Reload Profiling: 2268ms
	BeginReloadAssembly (344ms)
		DisableScriptedObjects (17ms)
		CreateAndSetChildDomain (72ms)
	RebuildCommonClasses (11ms)
	RebuildNativeTypeToScriptingClass (40ms)
	initialDomainReloadingComplete (73ms)
	LoadAllAssembliesAndSetupDomain (531ms)
		LoadAssemblies (498ms)
		AnalyzeDomain (30ms)
			TypeCache.Refresh (15ms)
			ResolveRequiredComponents (8ms)
	FinalizeReload (1269ms)
		SetupLoadedEditorAssemblies (0ms)
			BeforeProcessingInitializeOnLoad (123ms)
			ProcessInitializeOnLoadAttributes (542ms)
			ProcessInitializeOnLoadMethodAttributes (197ms)
			AfterProcessingInitializeOnLoad (3ms)
		AwakeInstancesAfterBackupRestoration (38ms)
Refreshing native plugins compatible for Editor in 3.01 ms, found 4 plugins.
Unloading 22 Unused Serialized files (Serialized files now loaded: 0)
Unloading 6622 unused Assets / (6.2 MB). Loaded Objects now: 7639.
Memory consumption went from 340.0 MB to 333.8 MB.
Total: 23.123800 ms (FindLiveObjects: 1.481700 ms CreateObjectMapping: 5.633700 ms MarkObjects: 9.104400 ms  DeleteObjects: 6.902600 ms)

Prepare: number of updated asset objects reloaded= 0
========================================================================
Received Prepare
AcceleratorClientConnectionCallback - disconnected - :0
Unloading 22 Unused Serialized files (Serialized files now loaded: 0)
Unloading 22 unused Assets / (2.6 MB). Loaded Objects now: 7639.
Memory consumption went from 337.2 MB to 334.6 MB.
Total: 26.003000 ms (FindLiveObjects: 1.329500 ms CreateObjectMapping: 1.419000 ms MarkObjects: 22.726800 ms  DeleteObjects: 0.525400 ms)

Prepare: number of updated asset objects reloaded= 0
========================================================================
Received Import Request.
  Time of request: 2026-08-26T00:33:45.6885547Z
  Time since last request: 346028.5987842999748 seconds.
  importAddress: GUID: 5e6cbd92db86f4b18aec3ed561671858 - Path: Assets/Settings/Mobile_RPAsset.asset - Importer: ScriptedImporter/UnityEditor.QuickSearchModule:UnityEditor.Search:ASIAI0B
Importing 'GUID: 5e6cbd92db86f4b18aec3ed561671858 - Path: Assets/Settings/Mobile_RPAsset.asset - Importer: ScriptedImporter/UnityEditor.QuickSearchModule:UnityEditor.Search:ASIAI0B' with importer (ScriptedImporter : UnityEditor.QuickSearchModule:UnityEditor.Search:ASIAI0B)
Imported 'GUID: 5e6cbd92db86f4b18aec3ed561671858' -> (Import Result ID: '336d9ae357b37d11c797e96a8709cee0') in 1.900 seconds [static and dynamic dependencies]. Details - ImportResultOutputID=65665dd4a56ccfd1cdd650c5ec845472 DependenciesID=70253faee5c78cdbd7b6b8dcc1a8bf26 StaticDependenciesID=ee344c8c37b93f7b3d1a6ce60d2c2b9c 
Number of updated asset objects reloaded before import = 0
Number of asset objects unloaded after import = 2
========================================================================
Received Prepare
AcceleratorClientConnectionCallback - disconnected - :0
[Licensing::Client] Successfully resolved entitlement details
Begin MonoManager ReloadAssembly
Refreshing native plugins compatible for Editor in 2.03 ms, found 4 plugins.
Native extension for WindowsStandalone target not found
[Package Manager] Failed to launch server process. Reason: Unity was launched with the -noUpm command-line argument
[Package Manager] Unable to send message (not connected to server process).
[Package Manager] Cannot connect to Unity Package Manager local server
[Package Manager] Failed to launch server process. Reason: Unity was launched with the -noUpm command-line argument
[Package Manager] Unable to send message (not connected to server process).
[Package Manager] Cannot connect to Unity Package Manager local server
ScheduleIndexationOnStartup MainProcess:False IndexOnStartup:True
Mono: successfully reloaded assembly
- Finished resetting the current domain, in  2.196 seconds
Domain Reload Profiling: 20502ms
	BeginReloadAssembly (6917ms)
		ExecutionOrderSort (20ms)
		DisableScriptedObjects (986ms)
		ReleaseScriptingObjects (23ms)
		CreateAndSetChildDomain (2472ms)
	RebuildCommonClasses (40ms)
	RebuildNativeTypeToScriptingClass (50ms)
	initialDomainReloadingComplete (751ms)
	LoadAllAssembliesAndSetupDomain (10542ms)
		LoadAssemblies (7123ms)
		AnalyzeDomain (4419ms)
			TypeCache.Refresh (731ms)
				TypeCache.ScanAssembly (6ms)
			BuildScriptInfoCaches (3577ms)
			ResolveRequiredComponents (24ms)
	FinalizeReload (2203ms)
		SetupLoadedEditorAssemblies (0ms)
			InitializePlatformSupportModulesInManaged (3ms)
			BeforeProcessingInitializeOnLoad (136ms)
			ProcessInitializeOnLoadAttributes (1162ms)
			ProcessInitializeOnLoadMethodAttributes (368ms)
			AfterProcessingInitializeOnLoad (5ms)
			EditorAssembliesLoaded (3ms)
		AwakeInstancesAfterBackupRestoration (41ms)
Refreshing native plugins compatible for Editor in 17.17 ms, found 4 plugins.
Unloading 22 Unused Serialized files (Serialized files now loaded: 0)
Unloading 6622 unused Assets / (4.3 MB). Loaded Objects now: 7644.
Memory consumption went from 347.9 MB to 343.6 MB.
Total: 63.371500 ms (FindLiveObjects: 2.275300 ms CreateObjectMapping: 3.839700 ms MarkObjects: 36.104900 ms  DeleteObjects: 21.146900 ms)

Prepare: number of updated asset objects reloaded= 0
========================================================================
Received Prepare
AcceleratorClientConnectionCallback - disconnected - :0
Refreshing native plugins compatible for Editor in 2.69 ms, found 4 plugins.
Unloading 22 Unused Serialized files (Serialized files now loaded: 0)
Unloading 22 unused Assets / (2.6 MB). Loaded Objects now: 7644.
Memory consumption went from 345.1 MB to 342.5 MB.
Total: 452.075700 ms (FindLiveObjects: 7.950400 ms CreateObjectMapping: 1.210600 ms MarkObjects: 442.529500 ms  DeleteObjects: 0.382900 ms)

Prepare: number of updated asset objects reloaded= 0
========================================================================
Received Prepare
AcceleratorClientConnectionCallback - disconnected - :0
[Licensing::Client] Successfully resolved entitlement details
Begin MonoManager ReloadAssembly
Refreshing native plugins compatible for Editor in 37.08 ms, found 4 plugins.
Native extension for WindowsStandalone target not found
[Package Manager] Failed to launch server process. Reason: Unity was launched with the -noUpm command-line argument
[Package Manager] Unable to send message (not connected to server process).
[Package Manager] Cannot connect to Unity Package Manager local server
[Package Manager] Failed to launch server process. Reason: Unity was launched with the -noUpm command-line argument
[Package Manager] Unable to send message (not connected to server process).
[Package Manager] Cannot connect to Unity Package Manager local server
ScheduleIndexationOnStartup MainProcess:False IndexOnStartup:True
Mono: successfully reloaded assembly
- Finished resetting the current domain, in  3.420 seconds
Domain Reload Profiling: 19050ms
	BeginReloadAssembly (4971ms)
		DisableScriptedObjects (724ms)
		ReleaseScriptingObjects (9ms)
		CreateAndSetChildDomain (1628ms)
	RebuildCommonClasses (20ms)
	RebuildNativeTypeToScriptingClass (29ms)
	initialDomainReloadingComplete (4335ms)
	LoadAllAssembliesAndSetupDomain (6272ms)
		LoadAssemblies (6217ms)
		AnalyzeDomain (439ms)
			TypeCache.Refresh (264ms)
			BuildScriptInfoCaches (6ms)
			ResolveRequiredComponents (20ms)
	FinalizeReload (3423ms)
		SetupLoadedEditorAssemblies (0ms)
			InitializePlatformSupportModulesInManaged (6ms)
			BeforeProcessingInitializeOnLoad (348ms)
			ProcessInitializeOnLoadAttributes (1373ms)
			ProcessInitializeOnLoadMethodAttributes (437ms)
			AfterProcessingInitializeOnLoad (6ms)
		AwakeInstancesAfterBackupRestoration (87ms)
Refreshing native plugins compatible for Editor in 6.12 ms, found 4 plugins.
Unloading 22 Unused Serialized files (Serialized files now loaded: 0)
Unloading 6622 unused Assets / (5.6 MB). Loaded Objects now: 7647.
Memory consumption went from 352.2 MB to 346.6 MB.
Total: 31.249500 ms (FindLiveObjects: 2.202100 ms CreateObjectMapping: 6.376200 ms MarkObjects: 13.263000 ms  DeleteObjects: 9.401800 ms)

Prepare: number of updated asset objects reloaded= 0
Editor requested this worker to shutdown with reason: Editor is closing down
AssetImportWorkerClient::OnTransportError - code=2 error=End of file
AcceleratorClientConnectionCallback - disconnected - :0
AssetImportWorker is now disconnected from the server
Process exiting
Exiting without the bug reporter. Application will terminate with return code 0